Archive member included to satisfy reference by file (symbol)

/usr/lib/gcc/arm-none-eabi/8.2.0/../../../../arm-none-eabi/lib/thumb/v7-m/nofp/libg_nano.a(lib_a-errno.o)
                              ./system/src/newlib/_sbrk.o (__errno)
/usr/lib/gcc/arm-none-eabi/8.2.0/../../../../arm-none-eabi/lib/thumb/v7-m/nofp/libg_nano.a(lib_a-impure.o)
                              /usr/lib/gcc/arm-none-eabi/8.2.0/../../../../arm-none-eabi/lib/thumb/v7-m/nofp/libg_nano.a(lib_a-errno.o) (_impure_ptr)

Allocating common symbols
Common symbol       size              file

errno               0x4               ./system/src/newlib/_syscalls.o

Discarded input sections

 .group         0x0000000000000000        0xc ./system/src/stm32f1-stdperiph/misc.o
 .group         0x0000000000000000        0xc ./system/src/stm32f1-stdperiph/misc.o
 .group         0x0000000000000000        0xc ./system/src/stm32f1-stdperiph/misc.o
 .group         0x0000000000000000        0xc ./system/src/stm32f1-stdperiph/misc.o
 .group         0x0000000000000000        0xc ./system/src/stm32f1-stdperiph/misc.o
 .group         0x0000000000000000        0xc ./system/src/stm32f1-stdperiph/misc.o
 .group         0x0000000000000000        0xc ./system/src/stm32f1-stdperiph/misc.o
 .group         0x0000000000000000        0xc ./system/src/stm32f1-stdperiph/misc.o
 .group         0x0000000000000000        0xc ./system/src/stm32f1-stdperiph/misc.o
 .group         0x0000000000000000        0xc ./system/src/stm32f1-stdperiph/misc.o
 .group         0x0000000000000000        0xc ./system/src/stm32f1-stdperiph/misc.o
 .group         0x0000000000000000        0xc ./system/src/stm32f1-stdperiph/misc.o
 .group         0x0000000000000000        0xc ./system/src/stm32f1-stdperiph/misc.o
 .group         0x0000000000000000        0xc ./system/src/stm32f1-stdperiph/misc.o
 .group         0x0000000000000000        0xc ./system/src/stm32f1-stdperiph/misc.o
 .group         0x0000000000000000        0xc ./system/src/stm32f1-stdperiph/misc.o
 .group         0x0000000000000000        0xc ./system/src/stm32f1-stdperiph/misc.o
 .group         0x0000000000000000        0xc ./system/src/stm32f1-stdperiph/misc.o
 .group         0x0000000000000000        0xc ./system/src/stm32f1-stdperiph/misc.o
 .group         0x0000000000000000        0xc ./system/src/stm32f1-stdperiph/misc.o
 .group         0x0000000000000000        0xc ./system/src/stm32f1-stdperiph/misc.o
 .group         0x0000000000000000        0xc ./system/src/stm32f1-stdperiph/misc.o
 .group         0x0000000000000000        0xc ./system/src/stm32f1-stdperiph/misc.o
 .group         0x0000000000000000        0xc ./system/src/stm32f1-stdperiph/misc.o
 .group         0x0000000000000000        0xc ./system/src/stm32f1-stdperiph/misc.o
 .group         0x0000000000000000        0xc ./system/src/stm32f1-stdperiph/misc.o
 .group         0x0000000000000000        0xc ./system/src/stm32f1-stdperiph/misc.o
 .group         0x0000000000000000        0xc ./system/src/stm32f1-stdperiph/misc.o
 .group         0x0000000000000000        0xc ./system/src/stm32f1-stdperiph/misc.o
 .group         0x0000000000000000        0xc ./system/src/stm32f1-stdperiph/misc.o
 .text          0x0000000000000000        0x0 ./system/src/stm32f1-stdperiph/misc.o
 .data          0x0000000000000000        0x0 ./system/src/stm32f1-stdperiph/misc.o
 .bss           0x0000000000000000        0x0 ./system/src/stm32f1-stdperiph/misc.o
 .text.NVIC_PriorityGroupConfig
                0x0000000000000000       0x44 ./system/src/stm32f1-stdperiph/misc.o
 .text.NVIC_Init
                0x0000000000000000       0x98 ./system/src/stm32f1-stdperiph/misc.o
 .text.NVIC_SetVectorTable
                0x0000000000000000       0x48 ./system/src/stm32f1-stdperiph/misc.o
 .text.NVIC_SystemLPConfig
                0x0000000000000000       0x4c ./system/src/stm32f1-stdperiph/misc.o
 .text.SysTick_CLKSourceConfig
                0x0000000000000000       0x3c ./system/src/stm32f1-stdperiph/misc.o
 .rodata.NVIC_PriorityGroupConfig.str1.4
                0x0000000000000000       0x27 ./system/src/stm32f1-stdperiph/misc.o
 .debug_info    0x0000000000000000      0x6a5 ./system/src/stm32f1-stdperiph/misc.o
 .debug_abbrev  0x0000000000000000      0x1bc ./system/src/stm32f1-stdperiph/misc.o
 .debug_loc     0x0000000000000000      0x26d ./system/src/stm32f1-stdperiph/misc.o
 .debug_aranges
                0x0000000000000000       0x40 ./system/src/stm32f1-stdperiph/misc.o
 .debug_ranges  0x0000000000000000       0x30 ./system/src/stm32f1-stdperiph/misc.o
 .debug_macro   0x0000000000000000      0x171 ./system/src/stm32f1-stdperiph/misc.o
 .debug_macro   0x0000000000000000      0xa96 ./system/src/stm32f1-stdperiph/misc.o
 .debug_macro   0x0000000000000000       0x50 ./system/src/stm32f1-stdperiph/misc.o
 .debug_macro   0x0000000000000000      0x34e ./system/src/stm32f1-stdperiph/misc.o
 .debug_macro   0x0000000000000000       0x35 ./system/src/stm32f1-stdperiph/misc.o
[...]
Memory Configuration

Name             Origin             Length             Attributes
RAM              0x0000000020000000 0x0000000000005000 xrw
CCMRAM           0x0000000000000000 0x0000000000000000 xrw
FLASH            0x0000000008000000 0x0000000000020000 xr
FLASHB1          0x0000000000000000 0x0000000000000000 xr
EXTMEMB0         0x0000000000000000 0x0000000000000000 xr
EXTMEMB1         0x0000000000000000 0x0000000000000000 xr
EXTMEMB2         0x0000000000000000 0x0000000000000000 xr
EXTMEMB3         0x0000000000000000 0x0000000000000000 xr
MEMORY_ARRAY     0x0000000000000000 0x0000000000000000 xrw
*default*        0x0000000000000000 0xffffffffffffffff

Linker script and memory map

LOAD ./system/src/stm32f1-stdperiph/misc.o
LOAD ./system/src/stm32f1-stdperiph/stm32f10x_adc.o
LOAD ./system/src/stm32f1-stdperiph/stm32f10x_bkp.o
LOAD ./system/src/stm32f1-stdperiph/stm32f10x_can.o
LOAD ./system/src/stm32f1-stdperiph/stm32f10x_cec.o
LOAD ./system/src/stm32f1-stdperiph/stm32f10x_crc.o
LOAD ./system/src/stm32f1-stdperiph/stm32f10x_dac.o
LOAD ./system/src/stm32f1-stdperiph/stm32f10x_dbgmcu.o
LOAD ./system/src/stm32f1-stdperiph/stm32f10x_dma.o
LOAD ./system/src/stm32f1-stdperiph/stm32f10x_exti.o
LOAD ./system/src/stm32f1-stdperiph/stm32f10x_flash.o
LOAD ./system/src/stm32f1-stdperiph/stm32f10x_fsmc.o
LOAD ./system/src/stm32f1-stdperiph/stm32f10x_gpio.o
LOAD ./system/src/stm32f1-stdperiph/stm32f10x_i2c.o
LOAD ./system/src/stm32f1-stdperiph/stm32f10x_iwdg.o
LOAD ./system/src/stm32f1-stdperiph/stm32f10x_pwr.o
LOAD ./system/src/stm32f1-stdperiph/stm32f10x_rcc.o
LOAD ./system/src/stm32f1-stdperiph/stm32f10x_rtc.o
LOAD ./system/src/stm32f1-stdperiph/stm32f10x_sdio.o
LOAD ./system/src/stm32f1-stdperiph/stm32f10x_spi.o
LOAD ./system/src/stm32f1-stdperiph/stm32f10x_tim.o
LOAD ./system/src/stm32f1-stdperiph/stm32f10x_usart.o
LOAD ./system/src/stm32f1-stdperiph/stm32f10x_wwdg.o
LOAD ./system/src/newlib/_cxx.o
LOAD ./system/src/newlib/_exit.o
LOAD ./system/src/newlib/_sbrk.o
LOAD ./system/src/newlib/_startup.o
LOAD ./system/src/newlib/_syscalls.o
LOAD ./system/src/newlib/assert.o
LOAD ./system/src/diag/Trace.o
LOAD ./system/src/diag/trace_impl.o
LOAD ./system/src/cortexm/_initialize_hardware.o
LOAD ./system/src/cortexm/_reset_hardware.o
LOAD ./system/src/cortexm/exception_handlers.o
LOAD ./system/src/cmsis/system_stm32f10x.o
LOAD ./system/src/cmsis/vectors_stm32f10x.o
LOAD ./src/BlinkLed.o
LOAD ./src/Timer.o
LOAD ./src/_write.o
LOAD ./src/main.o
LOAD /usr/lib/gcc/arm-none-eabi/8.2.0/../../../../arm-none-eabi/lib/thumb/v7-m/nofp/libstdc++_nano.a
LOAD /usr/lib/gcc/arm-none-eabi/8.2.0/../../../../arm-none-eabi/lib/thumb/v7-m/nofp/libm.a
START GROUP
LOAD /usr/lib/gcc/arm-none-eabi/8.2.0/thumb/v7-m/nofp/libgcc.a
LOAD /usr/lib/gcc/arm-none-eabi/8.2.0/../../../../arm-none-eabi/lib/thumb/v7-m/nofp/libg_nano.a
LOAD /usr/lib/gcc/arm-none-eabi/8.2.0/../../../../arm-none-eabi/lib/thumb/v7-m/nofp/libc_nano.a
END GROUP
START GROUP
LOAD /usr/lib/gcc/arm-none-eabi/8.2.0/thumb/v7-m/nofp/libgcc.a
LOAD /usr/lib/gcc/arm-none-eabi/8.2.0/../../../../arm-none-eabi/lib/thumb/v7-m/nofp/libc_nano.a
END GROUP
                0x0000000020005000                __stack = (ORIGIN (RAM) + LENGTH (RAM))
                0x0000000020005000                _estack = __stack
                0x0000000000000400                __Main_Stack_Size = 0x400
                [!provide]                        PROVIDE (_Main_Stack_Size = __Main_Stack_Size)
                0x0000000020004c00                __Main_Stack_Limit = (__stack - __Main_Stack_Size)
                [!provide]                        PROVIDE (_Main_Stack_Limit = __Main_Stack_Limit)
                0x0000000000000100                _Minimum_Stack_Size = 0x100
                0x0000000020000034                PROVIDE (_Heap_Begin = _end_noinit)
                0x0000000020004c00                PROVIDE (_Heap_Limit = (__stack - __Main_Stack_Size))

.isr_vector     0x0000000008000000      0x294
 FILL mask 0xff
                0x0000000008000000                __vectors_start = ABSOLUTE (.)
                0x0000000008000000                __vectors_start__ = ABSOLUTE (.)
 *(.isr_vector)
 .isr_vector    0x0000000008000000      0x10c ./system/src/cmsis/vectors_stm32f10x.o
                0x0000000008000000                __isr_vectors
 *(.cfmconfig)
 *(.after_vectors .after_vectors.*)
 .after_vectors
                0x000000000800010c      0x114 ./system/src/newlib/_startup.o
                0x000000000800010c                _start
 .after_vectors
                0x0000000008000220       0x70 ./system/src/cortexm/exception_handlers.o
                0x0000000008000220                Reset_Handler
                0x0000000008000226                NMI_Handler
                0x000000000800022a                HardFault_Handler
                0x000000000800023e                HardFault_Handler_C
                0x0000000008000242                MemManage_Handler
                0x0000000008000246                BusFault_Handler
                0x000000000800025a                BusFault_Handler_C
                0x000000000800025e                UsageFault_Handler
                0x0000000008000272                UsageFault_Handler_C
                0x0000000008000276                SVC_Handler
                0x000000000800027a                DebugMon_Handler
                0x000000000800027e                PendSV_Handler
 .after_vectors
                0x0000000008000290        0x4 ./system/src/cmsis/vectors_stm32f10x.o
                0x0000000008000290                EXTI2_IRQHandler
                0x0000000008000290                TIM8_TRG_COM_IRQHandler
                0x0000000008000290                TIM8_CC_IRQHandler
                0x0000000008000290                TIM1_CC_IRQHandler
                0x0000000008000290                TIM6_IRQHandler
                0x0000000008000290                PVD_IRQHandler
                0x0000000008000290                SDIO_IRQHandler
                0x0000000008000290                CAN2_RX1_IRQHandler
                0x0000000008000290                EXTI3_IRQHandler
                0x0000000008000290                TIM8_TRG_COM_TIM14_IRQHandler
                0x0000000008000290                TIM1_UP_TIM10_IRQHandler
                0x0000000008000290                TIM8_UP_TIM13_IRQHandler
                0x0000000008000290                EXTI0_IRQHandler
                0x0000000008000290                I2C2_EV_IRQHandler
                0x0000000008000290                CAN1_RX0_IRQHandler
                0x0000000008000290                TIM1_UP_TIM16_IRQHandler
                0x0000000008000290                CAN2_SCE_IRQHandler
                0x0000000008000290                ADC1_2_IRQHandler
                0x0000000008000290                SPI1_IRQHandler
                0x0000000008000290                TAMPER_IRQHandler
                0x0000000008000290                TIM6_DAC_IRQHandler
                0x0000000008000290                TIM1_BRK_TIM9_IRQHandler
                0x0000000008000290                CAN2_RX0_IRQHandler
                0x0000000008000290                TIM8_UP_IRQHandler
                0x0000000008000290                DMA2_Channel2_IRQHandler
                0x0000000008000290                DMA1_Channel4_IRQHandler
                0x0000000008000290                USART3_IRQHandler
                0x0000000008000290                RTC_IRQHandler
                0x0000000008000290                DMA1_Channel7_IRQHandler
                0x0000000008000290                CAN1_RX1_IRQHandler
                0x0000000008000290                UART5_IRQHandler
                0x0000000008000290                ADC3_IRQHandler
                0x0000000008000290                TIM4_IRQHandler
                0x0000000008000290                DMA2_Channel1_IRQHandler
                0x0000000008000290                I2C1_EV_IRQHandler
                0x0000000008000290                DMA1_Channel6_IRQHandler
                0x0000000008000290                UART4_IRQHandler
                0x0000000008000290                DMA2_Channel4_IRQHandler
                0x0000000008000290                TIM3_IRQHandler
                0x0000000008000290                RCC_IRQHandler
                0x0000000008000290                TIM8_BRK_TIM12_IRQHandler
                0x0000000008000290                TIM1_TRG_COM_IRQHandler
                0x0000000008000290                DMA1_Channel1_IRQHandler
                0x0000000008000290                Default_Handler
                0x0000000008000290                CEC_IRQHandler
                0x0000000008000290                EXTI15_10_IRQHandler
                0x0000000008000290                TIM14_IRQHandler
                0x0000000008000290                TIM13_IRQHandler
                0x0000000008000290                TIM12_IRQHandler
                0x0000000008000290                TIM7_IRQHandler
                0x0000000008000290                CAN2_TX_IRQHandler
                0x0000000008000290                TIM5_IRQHandler
                0x0000000008000290                EXTI9_5_IRQHandler
                0x0000000008000290                ETH_WKUP_IRQHandler
                0x0000000008000290                SPI2_IRQHandler
                0x0000000008000290                CAN1_TX_IRQHandler
                0x0000000008000290                DMA2_Channel5_IRQHandler
                0x0000000008000290                DMA1_Channel5_IRQHandler
                0x0000000008000290                EXTI4_IRQHandler
                0x0000000008000290                USB_LP_CAN1_RX0_IRQHandler
                0x0000000008000290                TIM1_TRG_COM_TIM17_IRQHandler
                0x0000000008000290                USB_HP_CAN1_TX_IRQHandler
                0x0000000008000290                DMA1_Channel3_IRQHandler
                0x0000000008000290                FSMC_IRQHandler
                0x0000000008000290                ETH_IRQHandler
                0x0000000008000290                TIM1_UP_IRQHandler
                0x0000000008000290                WWDG_IRQHandler
                0x0000000008000290                TIM2_IRQHandler
                0x0000000008000290                OTG_FS_WKUP_IRQHandler
                0x0000000008000290                TIM1_TRG_COM_TIM11_IRQHandler
                0x0000000008000290                TIM1_BRK_IRQHandler
                0x0000000008000290                EXTI1_IRQHandler
                0x0000000008000290                RTCAlarm_IRQHandler
                0x0000000008000290                DMA2_Channel4_5_IRQHandler
                0x0000000008000290                USART2_IRQHandler
                0x0000000008000290                I2C2_ER_IRQHandler
                0x0000000008000290                DMA1_Channel2_IRQHandler
                0x0000000008000290                TIM8_BRK_IRQHandler
                0x0000000008000290                CAN1_SCE_IRQHandler
                0x0000000008000290                FLASH_IRQHandler
                0x0000000008000290                USART1_IRQHandler
                0x0000000008000290                OTG_FS_IRQHandler
                0x0000000008000290                SPI3_IRQHandler
                0x0000000008000290                I2C1_ER_IRQHandler
                0x0000000008000290                USBWakeUp_IRQHandler
                0x0000000008000290                DMA2_Channel3_IRQHandler
                0x0000000008000290                TIM1_BRK_TIM15_IRQHandler

.inits          0x0000000008000294       0x28
                0x0000000008000294                __data_regions_array_start = .
                0x0000000008000294        0x4 LONG 0x80007d0 LOADADDR (.data)
                0x0000000008000298        0x4 LONG 0x20000000 ADDR (.data)
                0x000000000800029c        0x4 LONG 0x20000024 (ADDR (.data) + SIZEOF (.data))
                0x00000000080002a0        0x4 LONG 0x80007d0 LOADADDR (.data_CCMRAM)
                0x00000000080002a4        0x4 LONG 0x0 ADDR (.data_CCMRAM)
                0x00000000080002a8        0x4 LONG 0x0 (ADDR (.data_CCMRAM) + SIZEOF (.data_CCMRAM))
                0x00000000080002ac                __data_regions_array_end = .
                0x00000000080002ac                __bss_regions_array_start = .
                0x00000000080002ac        0x4 LONG 0x20000024 ADDR (.bss)
                0x00000000080002b0        0x4 LONG 0x20000034 (ADDR (.bss) + SIZEOF (.bss))
                0x00000000080002b4        0x4 LONG 0x0 ADDR (.bss_CCMRAM)
                0x00000000080002b8        0x4 LONG 0x0 (ADDR (.bss_CCMRAM) + SIZEOF (.bss_CCMRAM))
                0x00000000080002bc                __bss_regions_array_end = .
 *(.init)
 *(.fini)
                0x00000000080002bc                . = ALIGN (0x4)
                0x00000000080002bc                PROVIDE (__preinit_array_start = .)
 *(.preinit_array_sysinit .preinit_array_sysinit.*)
 *(.preinit_array_platform .preinit_array_platform.*)
 *(.preinit_array .preinit_array.*)
                0x00000000080002bc                PROVIDE (__preinit_array_end = .)
                0x00000000080002bc                . = ALIGN (0x4)
                0x00000000080002bc                PROVIDE (__init_array_start = .)
 *(SORT_BY_NAME(.init_array.*))
 *(.init_array)
                0x00000000080002bc                PROVIDE (__init_array_end = .)
                0x00000000080002bc                . = ALIGN (0x4)
                0x00000000080002bc                PROVIDE (__fini_array_start = .)
 *(SORT_BY_NAME(.fini_array.*))
 *(.fini_array)
                0x00000000080002bc                PROVIDE (__fini_array_end = .)

.flashtext
 *(.flashtext .flashtext.*)

.text           0x00000000080002bc      0x514
 *(.text .text.*)
 .text.GPIO_Init
                0x00000000080002bc      0x134 ./system/src/stm32f1-stdperiph/stm32f10x_gpio.o
                0x00000000080002bc                GPIO_Init
 .text.GPIO_SetBits
                0x00000000080003f0       0x60 ./system/src/stm32f1-stdperiph/stm32f10x_gpio.o
                0x00000000080003f0                GPIO_SetBits
 .text.GPIO_ResetBits
                0x0000000008000450       0x60 ./system/src/stm32f1-stdperiph/stm32f10x_gpio.o
                0x0000000008000450                GPIO_ResetBits
 .text.RCC_APB2PeriphClockCmd
                0x00000000080004b0       0x4c ./system/src/stm32f1-stdperiph/stm32f10x_rcc.o
                0x00000000080004b0                RCC_APB2PeriphClockCmd
 .text._exit    0x00000000080004fc        0x2 ./system/src/newlib/_exit.o
                0x00000000080004fc                _exit
 .text.abort    0x00000000080004fe        0x8 ./system/src/newlib/_exit.o
                0x00000000080004fe                abort
 *fill*         0x0000000008000506        0x2 
 .text.__initialize_args
                0x0000000008000508       0x10 ./system/src/newlib/_syscalls.o
                0x0000000008000508                __initialize_args
 .text.assert_failed
                0x0000000008000518        0x6 ./system/src/newlib/assert.o
                0x0000000008000518                assert_failed
 *fill*         0x000000000800051e        0x2 
 .text.__initialize_hardware_early
                0x0000000008000520       0x18 ./system/src/cortexm/_initialize_hardware.o
                0x0000000008000520                __initialize_hardware_early
 .text.__initialize_hardware
                0x0000000008000538        0x8 ./system/src/cortexm/_initialize_hardware.o
                0x0000000008000538                __initialize_hardware
 .text.SetSysClockTo72
                0x0000000008000540       0xc4 ./system/src/cmsis/system_stm32f10x.o
 .text.SetSysClock
                0x0000000008000604        0x8 ./system/src/cmsis/system_stm32f10x.o
 .text.SystemInit
                0x000000000800060c       0x50 ./system/src/cmsis/system_stm32f10x.o
                0x000000000800060c                SystemInit
 .text.SystemCoreClockUpdate
                0x000000000800065c       0x94 ./system/src/cmsis/system_stm32f10x.o
                0x000000000800065c                SystemCoreClockUpdate
 .text.SysTick_Handler
                0x00000000080006f0       0x14 ./src/Timer.o
                0x00000000080006f0                SysTick_Handler
 .text._Z5delaym
                0x0000000008000704        0xc ./src/main.o
                0x0000000008000704                delay(unsigned long)
 .text.main     0x0000000008000710       0x5c ./src/main.o
                0x0000000008000710                main
 *(.rodata .rodata.* .constdata .constdata.*)
 .rodata.GPIO_DeInit.str1.4
                0x000000000800076c       0x31 ./system/src/stm32f1-stdperiph/stm32f10x_gpio.o
 *fill*         0x000000000800079d        0x3 
 .rodata.RCC_HSEConfig.str1.4
                0x00000000080007a0       0x30 ./system/src/stm32f1-stdperiph/stm32f10x_rcc.o
 *(vtable)
 *(.eh_frame*)
 *(.glue_7)
 .glue_7        0x00000000080007d0        0x0 linker stubs
 *(.glue_7t)
 .glue_7t       0x00000000080007d0        0x0 linker stubs

.vfp11_veneer   0x00000000080007d0        0x0
 .vfp11_veneer  0x00000000080007d0        0x0 linker stubs

.v4_bx          0x00000000080007d0        0x0
 .v4_bx         0x00000000080007d0        0x0 linker stubs

.iplt           0x00000000080007d0        0x0
 .iplt          0x00000000080007d0        0x0 ./system/src/stm32f1-stdperiph/stm32f10x_gpio.o

.rel.dyn        0x00000000080007d0        0x0
 .rel.iplt      0x00000000080007d0        0x0 ./system/src/stm32f1-stdperiph/stm32f10x_gpio.o

.ARM.extab
 *(.ARM.extab* .gnu.linkonce.armextab.*)
                0x00000000080007d0                . = ALIGN (0x4)
                0x00000000080007d0                __exidx_start = .

.ARM.exidx
 *(.ARM.exidx* .gnu.linkonce.armexidx.*)
                0x00000000080007d0                __exidx_end = .
                0x00000000080007d0                . = ALIGN (0x4)
                0x00000000080007d0                _etext = .
                0x00000000080007d0                __etext = .

.data_CCMRAM    0x0000000000000000        0x0 load address 0x00000000080007d0
 FILL mask 0xff
 *(.data.CCMRAM .data.CCMRAM.*)
                0x0000000000000000                . = ALIGN (0x4)
                0x00000000080007d0                _sidata = LOADADDR (.data)

.data           0x0000000020000000       0x24 load address 0x00000000080007d0
 FILL mask 0xff
                0x0000000020000000                _sdata = .
                0x0000000020000000                __data_start__ = .
 *(.data_begin .data_begin.*)
 .data_begin    0x0000000020000000        0x4 ./system/src/newlib/_startup.o
 *(.data .data.*)
 .data.argv.4333
                0x0000000020000004        0x8 ./system/src/newlib/_syscalls.o
 .data.AHBPrescTable
                0x000000002000000c       0x10 ./system/src/cmsis/system_stm32f10x.o
                0x000000002000000c                AHBPrescTable
 .data.SystemCoreClock
                0x000000002000001c        0x4 ./system/src/cmsis/system_stm32f10x.o
                0x000000002000001c                SystemCoreClock
 *(.data_end .data_end.*)
 .data_end      0x0000000020000020        0x4 ./system/src/newlib/_startup.o
                0x0000000020000024                . = ALIGN (0x4)
                0x0000000020000024                _edata = .
                0x0000000020000024                __data_end__ = .

.igot.plt       0x0000000020000024        0x0 load address 0x00000000080007f4
 .igot.plt      0x0000000020000024        0x0 ./system/src/stm32f1-stdperiph/stm32f10x_gpio.o

.bss_CCMRAM     0x0000000000000000        0x0
 *(.bss.CCMRAM .bss.CCMRAM.*)

.bss            0x0000000020000024       0x10
                0x0000000020000024                __bss_start__ = .
                0x0000000020000024                _sbss = .
 *(.bss_begin .bss_begin.*)
 .bss_begin     0x0000000020000024        0x4 ./system/src/newlib/_startup.o
 *(.bss .bss.*)
 .bss.name.4332
                0x0000000020000028        0x1 ./system/src/newlib/_syscalls.o
 *fill*         0x0000000020000029        0x3 
 .bss._ZN5Timer13ms_delayCountE
                0x000000002000002c        0x4 ./src/Timer.o
                0x000000002000002c                Timer::ms_delayCount
 *(COMMON)
 *(.bss_end .bss_end.*)
 .bss_end       0x0000000020000030        0x4 ./system/src/newlib/_startup.o
                0x0000000020000034                . = ALIGN (0x4)
                0x0000000020000034                __bss_end__ = .
                0x0000000020000034                _ebss = .

.noinit_CCMRAM
 *(.noinit.CCMRAM .noinit.CCMRAM.*)

.noinit         0x0000000020000034        0x0
                0x0000000020000034                _noinit = .
 *(.noinit .noinit.*)
                0x0000000020000034                . = ALIGN (0x4)
                0x0000000020000034                _end_noinit = .
                [!provide]                        PROVIDE (end = _end_noinit)
                [!provide]                        PROVIDE (_end = _end_noinit)
                [!provide]                        PROVIDE (__end = _end_noinit)
                [!provide]                        PROVIDE (__end__ = _end_noinit)

._check_stack   0x0000000020000034      0x100
                0x0000000020000134                . = (. + _Minimum_Stack_Size)
 *fill*         0x0000000020000034      0x100 

.b1text
 *(.b1text)
 *(.b1rodata)
 *(.b1rodata.*)

.eb0text
 *(.eb0text)
 *(.eb0rodata)
 *(.eb0rodata.*)

.eb1text
 *(.eb1text)
 *(.eb1rodata)
 *(.eb1rodata.*)

.eb2text
 *(.eb2text)
 *(.eb2rodata)
 *(.eb2rodata.*)

.eb3text
 *(.eb3text)
 *(.eb3rodata)
 *(.eb3rodata.*)

.stab
 *(.stab)

.stabstr
 *(.stabstr)

.stab.excl
 *(.stab.excl)

.stab.exclstr
 *(.stab.exclstr)

.stab.index
 *(.stab.index)

.stab.indexstr
 *(.stab.indexstr)

.comment        0x0000000000000000       0x1d
 *(.comment)
 .comment       0x0000000000000000       0x1d ./system/src/stm32f1-stdperiph/stm32f10x_gpio.o
                                         0x1e (size before relaxing)
 .comment       0x000000000000001d       0x1e ./system/src/stm32f1-stdperiph/stm32f10x_rcc.o
 .comment       0x000000000000001d       0x1e ./system/src/newlib/_exit.o
 .comment       0x000000000000001d       0x1e ./system/src/newlib/_startup.o
 .comment       0x000000000000001d       0x1e ./system/src/newlib/_syscalls.o
 .comment       0x000000000000001d       0x1e ./system/src/newlib/assert.o
 .comment       0x000000000000001d       0x1e ./system/src/cortexm/_initialize_hardware.o
 .comment       0x000000000000001d       0x1e ./system/src/cortexm/exception_handlers.o
 .comment       0x000000000000001d       0x1e ./system/src/cmsis/system_stm32f10x.o
 .comment       0x000000000000001d       0x1e ./system/src/cmsis/vectors_stm32f10x.o
 .comment       0x000000000000001d       0x1e ./src/Timer.o
 .comment       0x000000000000001d       0x1e ./src/main.o

.ARM.attributes
                0x0000000000000000       0x2d
 .ARM.attributes
                0x0000000000000000       0x2d ./system/src/stm32f1-stdperiph/stm32f10x_gpio.o
 .ARM.attributes
                0x000000000000002d       0x2d ./system/src/stm32f1-stdperiph/stm32f10x_rcc.o
 .ARM.attributes
                0x000000000000005a       0x2d ./system/src/newlib/_exit.o
 .ARM.attributes
                0x0000000000000087       0x2d ./system/src/newlib/_startup.o
 .ARM.attributes
                0x00000000000000b4       0x2d ./system/src/newlib/_syscalls.o
 .ARM.attributes
                0x00000000000000e1       0x2d ./system/src/newlib/assert.o
 .ARM.attributes
                0x000000000000010e       0x2d ./system/src/cortexm/_initialize_hardware.o
 .ARM.attributes
                0x000000000000013b       0x2d ./system/src/cortexm/exception_handlers.o
 .ARM.attributes
                0x0000000000000168       0x2d ./system/src/cmsis/system_stm32f10x.o
 .ARM.attributes
                0x0000000000000195       0x2d ./system/src/cmsis/vectors_stm32f10x.o
 .ARM.attributes
                0x00000000000001c2       0x2d ./src/Timer.o
 .ARM.attributes
                0x00000000000001ef       0x2d ./src/main.o

.debug
 *(.debug)

.line
 *(.line)

.debug_srcinfo
 *(.debug_srcinfo)

.debug_sfnames
 *(.debug_sfnames)

.debug_aranges  0x0000000000000000      0x3d0
 *(.debug_aranges)
 .debug_aranges
                0x0000000000000000       0xa8 ./system/src/stm32f1-stdperiph/stm32f10x_gpio.o
 .debug_aranges
                0x00000000000000a8      0x118 ./system/src/stm32f1-stdperiph/stm32f10x_rcc.o
 .debug_aranges
                0x00000000000001c0       0x28 ./system/src/newlib/_exit.o
 .debug_aranges
                0x00000000000001e8       0x40 ./system/src/newlib/_startup.o
 .debug_aranges
                0x0000000000000228       0x30 ./system/src/newlib/_syscalls.o
 .debug_aranges
                0x0000000000000258       0x28 ./system/src/newlib/assert.o
 .debug_aranges
                0x0000000000000280       0x28 ./system/src/cortexm/_initialize_hardware.o
 .debug_aranges
                0x00000000000002a8       0x80 ./system/src/cortexm/exception_handlers.o
 .debug_aranges
                0x0000000000000328       0x38 ./system/src/cmsis/system_stm32f10x.o
 .debug_aranges
                0x0000000000000360       0x20 ./system/src/cmsis/vectors_stm32f10x.o
 .debug_aranges
                0x0000000000000380       0x28 ./src/Timer.o
 .debug_aranges
                0x00000000000003a8       0x28 ./src/main.o

.debug_pubnames
 *(.debug_pubnames)

.debug_info     0x0000000000000000     0x5764
 *(.debug_info .gnu.linkonce.wi.*)
 .debug_info    0x0000000000000000      0xce4 ./system/src/stm32f1-stdperiph/stm32f10x_gpio.o
 .debug_info    0x0000000000000ce4      0xdbb ./system/src/stm32f1-stdperiph/stm32f10x_rcc.o
 .debug_info    0x0000000000001a9f      0x9d1 ./system/src/newlib/_exit.o
 .debug_info    0x0000000000002470      0x4ce ./system/src/newlib/_startup.o
 .debug_info    0x000000000000293e      0xaae ./system/src/newlib/_syscalls.o
 .debug_info    0x00000000000033ec      0xa69 ./system/src/newlib/assert.o
 .debug_info    0x0000000000003e55      0x2d6 ./system/src/cortexm/_initialize_hardware.o
 .debug_info    0x000000000000412b      0xb85 ./system/src/cortexm/exception_handlers.o
 .debug_info    0x0000000000004cb0      0x4e0 ./system/src/cmsis/system_stm32f10x.o
 .debug_info    0x0000000000005190       0xce ./system/src/cmsis/vectors_stm32f10x.o
 .debug_info    0x000000000000525e      0x1b4 ./src/Timer.o
 .debug_info    0x0000000000005412      0x352 ./src/main.o

.debug_abbrev   0x0000000000000000     0x1634
 *(.debug_abbrev)
 .debug_abbrev  0x0000000000000000      0x24b ./system/src/stm32f1-stdperiph/stm32f10x_gpio.o
 .debug_abbrev  0x000000000000024b      0x240 ./system/src/stm32f1-stdperiph/stm32f10x_rcc.o
 .debug_abbrev  0x000000000000048b      0x226 ./system/src/newlib/_exit.o
 .debug_abbrev  0x00000000000006b1      0x1d7 ./system/src/newlib/_startup.o
 .debug_abbrev  0x0000000000000888      0x26d ./system/src/newlib/_syscalls.o
 .debug_abbrev  0x0000000000000af5      0x234 ./system/src/newlib/assert.o
 .debug_abbrev  0x0000000000000d29       0xfc ./system/src/cortexm/_initialize_hardware.o
 .debug_abbrev  0x0000000000000e25      0x26e ./system/src/cortexm/exception_handlers.o
 .debug_abbrev  0x0000000000001093      0x19d ./system/src/cmsis/system_stm32f10x.o
 .debug_abbrev  0x0000000000001230       0xa5 ./system/src/cmsis/vectors_stm32f10x.o
 .debug_abbrev  0x00000000000012d5      0x1ad ./src/Timer.o
 .debug_abbrev  0x0000000000001482      0x1b2 ./src/main.o

.debug_line     0x0000000000000000     0x3f55
 *(.debug_line)
 .debug_line    0x0000000000000000      0xcb8 ./system/src/stm32f1-stdperiph/stm32f10x_gpio.o
 .debug_line    0x0000000000000cb8      0xd97 ./system/src/stm32f1-stdperiph/stm32f10x_rcc.o
 .debug_line    0x0000000000001a4f      0x2a9 ./system/src/newlib/_exit.o
 .debug_line    0x0000000000001cf8      0x4b0 ./system/src/newlib/_startup.o
 .debug_line    0x00000000000021a8      0x35e ./system/src/newlib/_syscalls.o
 .debug_line    0x0000000000002506      0x2e5 ./system/src/newlib/assert.o
 .debug_line    0x00000000000027eb      0x354 ./system/src/cortexm/_initialize_hardware.o
 .debug_line    0x0000000000002b3f      0x6ae ./system/src/cortexm/exception_handlers.o
 .debug_line    0x00000000000031ed      0x560 ./system/src/cmsis/system_stm32f10x.o
 .debug_line    0x000000000000374d       0xdf ./system/src/cmsis/vectors_stm32f10x.o
 .debug_line    0x000000000000382c      0x38b ./src/Timer.o
 .debug_line    0x0000000000003bb7      0x39e ./src/main.o

.debug_frame    0x0000000000000000      0x868
 *(.debug_frame)
 .debug_frame   0x0000000000000000      0x1e8 ./system/src/stm32f1-stdperiph/stm32f10x_gpio.o
 .debug_frame   0x00000000000001e8      0x320 ./system/src/stm32f1-stdperiph/stm32f10x_rcc.o
 .debug_frame   0x0000000000000508       0x38 ./system/src/newlib/_exit.o
 .debug_frame   0x0000000000000540       0x7c ./system/src/newlib/_startup.o
 .debug_frame   0x00000000000005bc       0x50 ./system/src/newlib/_syscalls.o
 .debug_frame   0x000000000000060c       0x40 ./system/src/newlib/assert.o
 .debug_frame   0x000000000000064c       0x40 ./system/src/cortexm/_initialize_hardware.o
 .debug_frame   0x000000000000068c       0xe8 ./system/src/cortexm/exception_handlers.o
 .debug_frame   0x0000000000000774       0x6c ./system/src/cmsis/system_stm32f10x.o
 .debug_frame   0x00000000000007e0       0x20 ./system/src/cmsis/vectors_stm32f10x.o
 .debug_frame   0x0000000000000800       0x30 ./src/Timer.o
 .debug_frame   0x0000000000000830       0x38 ./src/main.o

.debug_str      0x0000000000000000    0x56472
 *(.debug_str)
 .debug_str     0x0000000000000000    0x4ebb0 ./system/src/stm32f1-stdperiph/stm32f10x_gpio.o
                                      0x4ed6c (size before relaxing)
 .debug_str     0x000000000004ebb0      0xb4a ./system/src/stm32f1-stdperiph/stm32f10x_rcc.o
                                      0x4f33b (size before relaxing)
 .debug_str     0x000000000004f6fa     0x4da2 ./system/src/newlib/_exit.o
                                       0x7c8d (size before relaxing)
 .debug_str     0x000000000005449c      0x260 ./system/src/newlib/_startup.o
                                       0x6777 (size before relaxing)
 .debug_str     0x00000000000546fc     0x1311 ./system/src/newlib/_syscalls.o
                                       0x7f1a (size before relaxing)
 .debug_str     0x0000000000055a0d       0xd7 ./system/src/newlib/assert.o
                                       0x8799 (size before relaxing)
 .debug_str     0x0000000000055ae4       0xcb ./system/src/cortexm/_initialize_hardware.o
                                      0x4e856 (size before relaxing)
 .debug_str     0x0000000000055baf      0x1db ./system/src/cortexm/exception_handlers.o
                                      0x536f1 (size before relaxing)
 .debug_str     0x0000000000055d8a       0x96 ./system/src/cmsis/system_stm32f10x.o
                                      0x4e8f0 (size before relaxing)
 .debug_str     0x0000000000055e20       0x57 ./system/src/cmsis/vectors_stm32f10x.o
                                       0x3895 (size before relaxing)
 .debug_str     0x0000000000055e77      0x57b ./src/Timer.o
                                      0x4eb7e (size before relaxing)
 .debug_str     0x00000000000563f2       0x80 ./src/main.o
                                      0x4ec69 (size before relaxing)

.debug_loc      0x0000000000000000     0x1c5d
 *(.debug_loc)
 .debug_loc     0x0000000000000000      0x9f6 ./system/src/stm32f1-stdperiph/stm32f10x_gpio.o
 .debug_loc     0x00000000000009f6      0xd2e ./system/src/stm32f1-stdperiph/stm32f10x_rcc.o
 .debug_loc     0x0000000000001724       0x15 ./system/src/newlib/_exit.o
 .debug_loc     0x0000000000001739      0x2a6 ./system/src/newlib/_startup.o
 .debug_loc     0x00000000000019df       0x6f ./system/src/newlib/_syscalls.o
 .debug_loc     0x0000000000001a4e       0xde ./system/src/newlib/assert.o
 .debug_loc     0x0000000000001b2c       0xff ./system/src/cmsis/system_stm32f10x.o
 .debug_loc     0x0000000000001c2b       0x32 ./src/main.o

.debug_macinfo
 *(.debug_macinfo)

.debug_weaknames
 *(.debug_weaknames)

.debug_funcnames
 *(.debug_funcnames)

.debug_typenames
 *(.debug_typenames)

.debug_varnames
 *(.debug_varnames)
OUTPUT(0-blinky.elf elf32-littlearm)

.debug_ranges   0x0000000000000000      0x328
 .debug_ranges  0x0000000000000000       0x98 ./system/src/stm32f1-stdperiph/stm32f10x_gpio.o
 .debug_ranges  0x0000000000000098      0x108 ./system/src/stm32f1-stdperiph/stm32f10x_rcc.o
 .debug_ranges  0x00000000000001a0       0x18 ./system/src/newlib/_exit.o
 .debug_ranges  0x00000000000001b8       0x48 ./system/src/newlib/_startup.o
 .debug_ranges  0x0000000000000200       0x20 ./system/src/newlib/_syscalls.o
 .debug_ranges  0x0000000000000220       0x18 ./system/src/newlib/assert.o
 .debug_ranges  0x0000000000000238       0x18 ./system/src/cortexm/_initialize_hardware.o
 .debug_ranges  0x0000000000000250       0x70 ./system/src/cortexm/exception_handlers.o
 .debug_ranges  0x00000000000002c0       0x28 ./system/src/cmsis/system_stm32f10x.o
 .debug_ranges  0x00000000000002e8       0x10 ./system/src/cmsis/vectors_stm32f10x.o
 .debug_ranges  0x00000000000002f8       0x18 ./src/Timer.o
 .debug_ranges  0x0000000000000310       0x18 ./src/main.o

.debug_macro    0x0000000000000000     0x27a3
 .debug_macro   0x0000000000000000      0x1b9 ./system/src/stm32f1-stdperiph/stm32f10x_gpio.o
 .debug_macro   0x00000000000001b9      0x2a6 ./system/src/stm32f1-stdperiph/stm32f10x_gpio.o
 .debug_macro   0x000000000000045f      0x287 ./system/src/stm32f1-stdperiph/stm32f10x_rcc.o
 .debug_macro   0x00000000000006e6      0x3dc ./system/src/stm32f1-stdperiph/stm32f10x_rcc.o
 .debug_macro   0x0000000000000ac2      0x1b4 ./system/src/newlib/_exit.o
 .debug_macro   0x0000000000000c76       0x34 ./system/src/newlib/_exit.o
 .debug_macro   0x0000000000000caa      0x10e ./system/src/newlib/_exit.o
 .debug_macro   0x0000000000000db8       0x8d ./system/src/newlib/_exit.o
 .debug_macro   0x0000000000000e45       0x43 ./system/src/newlib/_exit.o
 .debug_macro   0x0000000000000e88      0x339 ./system/src/newlib/_exit.o
 .debug_macro   0x00000000000011c1       0x35 ./system/src/newlib/_exit.o
 .debug_macro   0x00000000000011f6      0x173 ./system/src/newlib/_startup.o
 .debug_macro   0x0000000000001369      0x217 ./system/src/newlib/_syscalls.o
 .debug_macro   0x0000000000001580       0x1c ./system/src/newlib/_syscalls.o
 .debug_macro   0x000000000000159c       0x10 ./system/src/newlib/_syscalls.o
 .debug_macro   0x00000000000015ac       0x10 ./system/src/newlib/_syscalls.o
 .debug_macro   0x00000000000015bc       0x10 ./system/src/newlib/_syscalls.o
 .debug_macro   0x00000000000015cc       0x35 ./system/src/newlib/_syscalls.o
 .debug_macro   0x0000000000001601      0x122 ./system/src/newlib/_syscalls.o
 .debug_macro   0x0000000000001723       0x88 ./system/src/newlib/_syscalls.o
 .debug_macro   0x00000000000017ab       0x2b ./system/src/newlib/_syscalls.o
 .debug_macro   0x00000000000017d6      0x118 ./system/src/newlib/_syscalls.o
 .debug_macro   0x00000000000018ee      0x189 ./system/src/newlib/_syscalls.o
 .debug_macro   0x0000000000001a77       0x16 ./system/src/newlib/_syscalls.o
 .debug_macro   0x0000000000001a8d      0x1d0 ./system/src/newlib/assert.o
 .debug_macro   0x0000000000001c5d       0x1c ./system/src/newlib/assert.o
 .debug_macro   0x0000000000001c79      0x16b ./system/src/cortexm/_initialize_hardware.o
 .debug_macro   0x0000000000001de4      0x324 ./system/src/cortexm/exception_handlers.o
 .debug_macro   0x0000000000002108       0x3b ./system/src/cortexm/exception_handlers.o
 .debug_macro   0x0000000000002143       0x22 ./system/src/cortexm/exception_handlers.o
 .debug_macro   0x0000000000002165       0x10 ./system/src/cortexm/exception_handlers.o
 .debug_macro   0x0000000000002175       0xcf ./system/src/cortexm/exception_handlers.o
 .debug_macro   0x0000000000002244       0xbe ./system/src/cortexm/exception_handlers.o
 .debug_macro   0x0000000000002302       0x10 ./system/src/cortexm/exception_handlers.o
 .debug_macro   0x0000000000002312      0x16e ./system/src/cmsis/system_stm32f10x.o
 .debug_macro   0x0000000000002480       0x34 ./system/src/cmsis/vectors_stm32f10x.o
 .debug_macro   0x00000000000024b4      0x17e ./src/Timer.o
 .debug_macro   0x0000000000002632       0x10 ./src/Timer.o
 .debug_macro   0x0000000000002642      0x161 ./src/main.o
